// Jest Snapshot v1, https://goo.gl/fbAQLP

exports[`CloseIcon matches snapshot 1`] = `
<buttonicon-stub
  arialabel="[[closebuttontitle, moodle]]"
  styleclass="[object Object]"
  type="button"
>
  <closeicon-stub
    size="200"
  />
</buttonicon-stub>
`;
