// Jest Snapshot v1, https://goo.gl/fbAQLP

exports[`ToggleSet Checks snapshot 1`] = `
<div
  class="tui-toggleSet"
>
  <propsprovider-stub
    provide="function () { [native code] }"
  />
</div>
`;
