// Jest Snapshot v1, https://goo.gl/fbAQLP

exports[`presentation/form/Form.vue Checks snapshot 1`] = `
<form
  class="tui-form"
/>
`;
