// Jest Snapshot v1, https://goo.gl/fbAQLP

exports[`engage_article/components/form/ArticleForm.vue Checks snapshot 1`] = `
<form-stub
  class="tui-articleForm"
  inputwidth="full"
  vertical="true"
>
  <formrow-stub
    class="tui-articleForm__title"
    hidden="true"
    isstacked="true"
    label="articletitle, engage_article"
    required="true"
  />
   
  <div
    class="tui-articleForm__description"
  >
    <formrow-stub
      class="tui-articleForm__description-formRow"
      hidden="true"
      label="content, engage_article"
      required="true"
    />
     
    <div
      class="tui-articleForm__description-tip"
    >
      <p>
        contributetip, totara_engage
      </p>
       
      <infoiconbutton-stub
        arialabel="info, moodle"
      >
        
        contributetip_help, totara_engage
      
      </infoiconbutton-stub>
    </div>
  </div>
   
  <buttongroup-stub
    class="tui-articleForm__buttons"
  >
    <button-stub
      aria-label="createarticleshort, engage_article"
      disabled="true"
      styleclass="[object Object]"
      text="next, moodle"
      type="button"
    />
     
    <cancelbutton-stub />
  </buttongroup-stub>
</form-stub>
`;
