// Jest Snapshot v1, https://goo.gl/fbAQLP

exports[`engage_survey/components/info/Author.vue Checks snapshot 1`] = `
<div
  class="tui-engageSurvey-author"
>
  <img
    alt="Hello"
    class="tui-avatar tui-avatar--xxsmall"
    src="http://example.com"
  />
   
  <a
    class="tui-engageSurvey-author__userLink"
    href="/user/profile.php?[object Object]"
  >
    
    Full name
  
  </a>
</div>
`;
