// Jest Snapshot v1, https://goo.gl/fbAQLP

exports[`Popover matches snapshot 1`] = `
<div>
  <popovertrigger-stub
    triggers="click"
  >
    <button />
  </popovertrigger-stub>
   
  <popoverpositioner-stub
    position="bottom"
    preferslide="true"
    transition="default"
  />
</div>
`;
