// Jest Snapshot v1, https://goo.gl/fbAQLP

exports[`AdderModal should check snapshot 1`] = `
<div
  class="tui-engageAdderModal"
  griddirection="undefined"
  units="0"
>
   
</div>
`;
