// Jest Snapshot v1, https://goo.gl/fbAQLP

exports[`OrganisationAdder should check snapshot 1`] = `
<div
  class="tui-hierarchicalAdder"
>
   
</div>
`;
