// Jest Snapshot v1, https://goo.gl/fbAQLP

exports[`totara_engage/components/icons/Icon.vue Checks snapshot 1`] = `
<span
  class="tui-totaraEngage-icon"
  tabindex="-1"
>
  <flexicon-stub
    icon="totara_engage|share"
    title=""
  />
</span>
`;
