// Jest Snapshot v1, https://goo.gl/fbAQLP

exports[`Button matches snapshot 1`] = `
<button
  class="tui-formBtn"
  type="button"
>
  <span
    class="tui-formBtn__text"
  >
    
    btn text
  
  </span>
   
  <!---->
   
  <span
    aria-live="assertive"
  >
    <!---->
  </span>
</button>
`;
