// Jest Snapshot v1, https://goo.gl/fbAQLP

exports[`presentation/buttons/Ok.vue Checks snapshot 1`] = `
<button
  class="tui-formBtn tui-formBtn--prim"
  type="button"
>
  <span
    class="tui-formBtn__text"
  >
    
    fff
  
  </span>
   
  <!---->
   
  <span
    aria-live="assertive"
  >
    <!---->
  </span>
</button>
`;
