// Jest Snapshot v1, https://goo.gl/fbAQLP

exports[`presentation/buttons/OkCancelGroup.vue Checks snapshot 1`] = `
<div
  class="tui-formBtnGroup"
>
  <button
    aria-disabled="false"
    class="tui-formBtn tui-formBtn--prim"
    type="button"
  >
    <span
      class="tui-formBtn__text"
    >
      
    fff
  
    </span>
     
    <!---->
     
    <span
      aria-live="assertive"
    >
      <!---->
    </span>
  </button>
   
  <button
    aria-disabled="false"
    class="tui-formBtn"
    type="button"
  >
    <span
      class="tui-formBtn__text"
    >
      
    fff
  
    </span>
     
    <!---->
     
    <span
      aria-live="assertive"
    >
      <!---->
    </span>
  </button>
</div>
`;
